2025-05-09 21:38:47,571 - INFO - Waiting for clients: set()/{'5CCF7F8F728C', '5CCF7FF0B3E8'}
2025-05-09 21:38:47,571 - INFO - Server started, press Ctrl+C to exit
2025-05-09 21:38:47,571 - INFO - HTTP server listening on 0.0.0.0:8888
2025-05-09 21:38:47,572 - INFO - Command server listening on 0.0.0.0:8889
2025-05-09 21:38:47,572 - INFO - Missing clients: {'5CCF7F8F728C', '5CCF7FF0B3E8'}
2025-05-09 21:38:57,574 - INFO - Waiting for clients: set()/{'5CCF7F8F728C', '5CCF7FF0B3E8'}
2025-05-09 21:38:57,574 - INFO - Missing clients: {'5CCF7F8F728C', '5CCF7FF0B3E8'}
2025-05-09 21:39:07,577 - INFO - Waiting for clients: set()/{'5CCF7F8F728C', '5CCF7FF0B3E8'}
2025-05-09 21:39:07,580 - INFO - Missing clients: {'5CCF7F8F728C', '5CCF7FF0B3E8'}
2025-05-09 21:39:17,582 - INFO - Waiting for clients: set()/{'5CCF7F8F728C', '5CCF7FF0B3E8'}
2025-05-09 21:39:17,582 - INFO - Missing clients: {'5CCF7F8F728C', '5CCF7FF0B3E8'}
2025-05-09 21:39:27,583 - INFO - Waiting for clients: set()/{'5CCF7F8F728C', '5CCF7FF0B3E8'}
2025-05-09 21:39:27,583 - INFO - Missing clients: {'5CCF7F8F728C', '5CCF7FF0B3E8'}
2025-05-09 21:39:37,585 - INFO - Waiting for clients: set()/{'5CCF7F8F728C', '5CCF7FF0B3E8'}
2025-05-09 21:39:37,585 - INFO - Missing clients: {'5CCF7F8F728C', '5CCF7FF0B3E8'}
2025-05-09 21:39:47,587 - INFO - Waiting for clients: set()/{'5CCF7F8F728C', '5CCF7FF0B3E8'}
2025-05-09 21:39:47,587 - INFO - Missing clients: {'5CCF7F8F728C', '5CCF7FF0B3E8'}
2025-05-09 21:39:57,590 - INFO - Waiting for clients: set()/{'5CCF7F8F728C', '5CCF7FF0B3E8'}
2025-05-09 21:39:57,590 - INFO - Missing clients: {'5CCF7F8F728C', '5CCF7FF0B3E8'}
2025-05-09 21:40:07,593 - INFO - Waiting for clients: set()/{'5CCF7F8F728C', '5CCF7FF0B3E8'}
2025-05-09 21:40:07,593 - INFO - Missing clients: {'5CCF7F8F728C', '5CCF7FF0B3E8'}
